src/app/api/contracts/generate/route.ts(109,33): error TS2345: Argument of type 'Uint8Array<ArrayBufferLike>' is not assignable to parameter of type 'BodyInit | null | undefined'.
  Type 'Uint8Array<ArrayBufferLike>' is missing the following properties from type 'URLSearchParams': size, append, delete, get, and 2 more.
src/components/contracts/ContractForm.tsx(4,10): error TS2305: Module '"@/types/contract"' has no exported member 'ContractData'.
src/components/contracts/ContractForm.tsx(4,24): error TS2305: Module '"@/types/contract"' has no exported member 'ClientType'.
src/components/contracts/ContractForm.tsx(4,36): error TS2305: Module '"@/types/contract"' has no exported member 'ProjectType'.
